
> fly-aerotech-solutions@0.1.0 start
> next start -p 3111

▲ Next.js 16.2.12
- Local:         http://localhost:3111
- Network:       http://192.168.1.62:3111
✓ Ready in 757ms
[mongodb] Connected (db=fly_aerotech, readyState=1)
[mongodb] Connected (db=fly_aerotech, readyState=1)
[mongodb] Connected (db=fly_aerotech, readyState=1)
[mongodb] Connected (db=fly_aerotech, readyState=1)
[mongodb] Connected (db=fly_aerotech, readyState=1)
[mongodb] Connected (db=fly_aerotech, readyState=1)
[mongodb] Connected (db=fly_aerotech, readyState=1)
[mongodb] Connected (db=fly_aerotech, readyState=1)
[mongodb] Connected (db=fly_aerotech, readyState=1)
[mongodb] Connected (db=fly_aerotech, readyState=1)
[mongodb] Connected (db=fly_aerotech, readyState=1)
[mongodb] Connected (db=fly_aerotech, readyState=1)
[mongodb] Connected (db=fly_aerotech, readyState=1)
[mongodb] Connected (db=fly_aerotech, readyState=1)
[mongodb] Connected (db=fly_aerotech, readyState=1)
[mongodb] Connected (db=fly_aerotech, readyState=1)
[mongodb] Connected (db=fly_aerotech, readyState=1)
[mongodb] Connected (db=fly_aerotech, readyState=1)
[mongodb] Connected (db=fly_aerotech, readyState=1)
[mongodb] Connected (db=fly_aerotech, readyState=1)
[mongodb] Connected (db=fly_aerotech, readyState=1)
[mongodb] Connected (db=fly_aerotech, readyState=1)
[mongodb] Connected (db=fly_aerotech, readyState=1)
[mongodb] Connected (db=fly_aerotech, readyState=1)
[mongodb] Connected (db=fly_aerotech, readyState=1)
[mongodb] Connected (db=fly_aerotech, readyState=1)
[mongodb] Connected (db=fly_aerotech, readyState=1)
[mongodb] Connected (db=fly_aerotech, readyState=1)
[mongodb] Connected (db=fly_aerotech, readyState=1)
[mongodb] Connected (db=fly_aerotech, readyState=1)
[mongodb] Connected (db=fly_aerotech, readyState=1)
[mongodb] Connected (db=fly_aerotech, readyState=1)
[mongodb] Connected (db=fly_aerotech, readyState=1)
[mongodb] Connected (db=fly_aerotech, readyState=1)
[mongodb] Connected (db=fly_aerotech, readyState=1)
[mongodb] Connected (db=fly_aerotech, readyState=1)
[mongodb] Connected (db=fly_aerotech, readyState=1)
[mongodb] Connected (db=fly_aerotech, readyState=1)
[mongodb] Connected (db=fly_aerotech, readyState=1)
[mongodb] Connected (db=fly_aerotech, readyState=1)
[mongodb] Connected (db=fly_aerotech, readyState=1)
[mongodb] Connected (db=fly_aerotech, readyState=1)
[mongodb] Connected (db=fly_aerotech, readyState=1)
[mongodb] Connected (db=fly_aerotech, readyState=1)
[mongodb] Connected (db=fly_aerotech, readyState=1)
[mongodb] Connected (db=fly_aerotech, readyState=1)
[mongodb] Connected (db=fly_aerotech, readyState=1)
[mongodb] Connected (db=fly_aerotech, readyState=1)
[mongodb] Connected (db=fly_aerotech, readyState=1)
[mongodb] Connected (db=fly_aerotech, readyState=1)
[mongodb] Connected (db=fly_aerotech, readyState=1)
[mongodb] Connected (db=fly_aerotech, readyState=1)
[mongodb] Connected (db=fly_aerotech, readyState=1)
[mongodb] Connected (db=fly_aerotech, readyState=1)
[mongodb] Connected (db=fly_aerotech, readyState=1)
[mongodb] Connected (db=fly_aerotech, readyState=1)
[mongodb] Connected (db=fly_aerotech, readyState=1)
[mongodb] Connected (db=fly_aerotech, readyState=1)
[mongodb] Connected (db=fly_aerotech, readyState=1)
[mongodb] Connected (db=fly_aerotech, readyState=1)
[mongodb] Connected (db=fly_aerotech, readyState=1)
[mongodb] Connected (db=fly_aerotech, readyState=1)
[mongodb] Connected (db=fly_aerotech, readyState=1)
[mongodb] Connected (db=fly_aerotech, readyState=1)
[mongodb] Connected (db=fly_aerotech, readyState=1)
[mongodb] Connected (db=fly_aerotech, readyState=1)
[mongodb] Connected (db=fly_aerotech, readyState=1)
[mongodb] Connected (db=fly_aerotech, readyState=1)
[mongodb] Connected (db=fly_aerotech, readyState=1)
[mongodb] Connected (db=fly_aerotech, readyState=1)
[mongodb] Connected (db=fly_aerotech, readyState=1)
[mongodb] Connected (db=fly_aerotech, readyState=1)
[mongodb] Connected (db=fly_aerotech, readyState=1)
[mongodb] Connected (db=fly_aerotech, readyState=1)
[mongodb] Connected (db=fly_aerotech, readyState=1)
[mongodb] Connected (db=fly_aerotech, readyState=1)
[mongodb] Connected (db=fly_aerotech, readyState=1)
[mongodb] Connected (db=fly_aerotech, readyState=1)
[mongodb] Connected (db=fly_aerotech, readyState=1)
[mongodb] Connected (db=fly_aerotech, readyState=1)
[mongodb] Connected (db=fly_aerotech, readyState=1)
[mongodb] Connected (db=fly_aerotech, readyState=1)
[mongodb] Connected (db=fly_aerotech, readyState=1)
[mongodb] Connected (db=fly_aerotech, readyState=1)
[mongodb] Connected (db=fly_aerotech, readyState=1)
[mongodb] Connected (db=fly_aerotech, readyState=1)
[mongodb] Connected (db=fly_aerotech, readyState=1)
[mongodb] Connected (db=fly_aerotech, readyState=1)
[mongodb] Connected (db=fly_aerotech, readyState=1)
[mongodb] Connected (db=fly_aerotech, readyState=1)
[mongodb] Connected (db=fly_aerotech, readyState=1)
[mongodb] Connected (db=fly_aerotech, readyState=1)
[mongodb] Connected (db=fly_aerotech, readyState=1)
[mongodb] Connected (db=fly_aerotech, readyState=1)
[mongodb] Connected (db=fly_aerotech, readyState=1)
[mongodb] Connected (db=fly_aerotech, readyState=1)
[mongodb] Connected (db=fly_aerotech, readyState=1)
[mongodb] Connected (db=fly_aerotech, readyState=1)
[mongodb] Connected (db=fly_aerotech, readyState=1)
[mongodb] Connected (db=fly_aerotech, readyState=1)
[mongodb] Connected (db=fly_aerotech, readyState=1)
[mongodb] Connected (db=fly_aerotech, readyState=1)
[mongodb] Connected (db=fly_aerotech, readyState=1)
[mongodb] Connected (db=fly_aerotech, readyState=1)
[mongodb] Connected (db=fly_aerotech, readyState=1)
[mongodb] Connected (db=fly_aerotech, readyState=1)
[mongodb] Connected (db=fly_aerotech, readyState=1)
[mongodb] Connected (db=fly_aerotech, readyState=1)
[mongodb] Connected (db=fly_aerotech, readyState=1)
[mongodb] Connected (db=fly_aerotech, readyState=1)
[mongodb] Connected (db=fly_aerotech, readyState=1)
[mongodb] Connected (db=fly_aerotech, readyState=1)
[mongodb] Connected (db=fly_aerotech, readyState=1)
[mongodb] Connected (db=fly_aerotech, readyState=1)
[mongodb] Connected (db=fly_aerotech, readyState=1)
[mongodb] Connected (db=fly_aerotech, readyState=1)
[mongodb] Connected (db=fly_aerotech, readyState=1)
[mongodb] Connected (db=fly_aerotech, readyState=1)
[mongodb] Connected (db=fly_aerotech, readyState=1)
[mongodb] Connected (db=fly_aerotech, readyState=1)
[mongodb] Connected (db=fly_aerotech, readyState=1)
[mongodb] Connected (db=fly_aerotech, readyState=1)
[mongodb] Connected (db=fly_aerotech, readyState=1)
[mongodb] Connected (db=fly_aerotech, readyState=1)
[mongodb] Connected (db=fly_aerotech, readyState=1)
[mongodb] Connected (db=fly_aerotech, readyState=1)
[mongodb] Connected (db=fly_aerotech, readyState=1)
[mongodb] Connected (db=fly_aerotech, readyState=1)
[mongodb] Connected (db=fly_aerotech, readyState=1)
[mongodb] Connected (db=fly_aerotech, readyState=1)
[mongodb] Connected (db=fly_aerotech, readyState=1)
[mongodb] Connected (db=fly_aerotech, readyState=1)
[mongodb] Connected (db=fly_aerotech, readyState=1)
[mongodb] Connected (db=fly_aerotech, readyState=1)
[mongodb] Connected (db=fly_aerotech, readyState=1)
[mongodb] Connected (db=fly_aerotech, readyState=1)
[mongodb] Connected (db=fly_aerotech, readyState=1)
[mongodb] Connected (db=fly_aerotech, readyState=1)
[mongodb] Connected (db=fly_aerotech, readyState=1)
[mongodb] Connected (db=fly_aerotech, readyState=1)
[mongodb] Connected (db=fly_aerotech, readyState=1)
[mongodb] Connected (db=fly_aerotech, readyState=1)
[mongodb] Connected (db=fly_aerotech, readyState=1)
[mongodb] Connected (db=fly_aerotech, readyState=1)
[mongodb] Connected (db=fly_aerotech, readyState=1)
[mongodb] Connected (db=fly_aerotech, readyState=1)
[mongodb] Connected (db=fly_aerotech, readyState=1)
[mongodb] Connected (db=fly_aerotech, readyState=1)
[mongodb] Connected (db=fly_aerotech, readyState=1)
[mongodb] Connected (db=fly_aerotech, readyState=1)
[mongodb] Connected (db=fly_aerotech, readyState=1)
[mongodb] Connected (db=fly_aerotech, readyState=1)
[mongodb] Connected (db=fly_aerotech, readyState=1)
[mongodb] Connected (db=fly_aerotech, readyState=1)
[mongodb] Connected (db=fly_aerotech, readyState=1)
[mongodb] Connected (db=fly_aerotech, readyState=1)
[mongodb] Connected (db=fly_aerotech, readyState=1)
[mongodb] Connected (db=fly_aerotech, readyState=1)
[mongodb] Connected (db=fly_aerotech, readyState=1)
[mongodb] Connected (db=fly_aerotech, readyState=1)
[mongodb] Connected (db=fly_aerotech, readyState=1)
[mongodb] Connected (db=fly_aerotech, readyState=1)
[mongodb] Connected (db=fly_aerotech, readyState=1)
[mongodb] Connected (db=fly_aerotech, readyState=1)
[mongodb] Connected (db=fly_aerotech, readyState=1)
[mongodb] Connected (db=fly_aerotech, readyState=1)
[mongodb] Connected (db=fly_aerotech, readyState=1)
[mongodb] Connected (db=fly_aerotech, readyState=1)
[mongodb] Connected (db=fly_aerotech, readyState=1)
[mongodb] Connected (db=fly_aerotech, readyState=1)
[mongodb] Connected (db=fly_aerotech, readyState=1)
[mongodb] Connected (db=fly_aerotech, readyState=1)
[mongodb] Connected (db=fly_aerotech, readyState=1)
[mongodb] Connected (db=fly_aerotech, readyState=1)
[mongodb] Connected (db=fly_aerotech, readyState=1)
[mongodb] Connected (db=fly_aerotech, readyState=1)
[mongodb] Connected (db=fly_aerotech, readyState=1)
[mongodb] Connected (db=fly_aerotech, readyState=1)
[mongodb] Connected (db=fly_aerotech, readyState=1)
[mongodb] Connected (db=fly_aerotech, readyState=1)
[mongodb] Connected (db=fly_aerotech, readyState=1)
[mongodb] Connected (db=fly_aerotech, readyState=1)
[mongodb] Connected (db=fly_aerotech, readyState=1)
[mongodb] Connected (db=fly_aerotech, readyState=1)
[mongodb] Connected (db=fly_aerotech, readyState=1)
[mongodb] Connected (db=fly_aerotech, readyState=1)
[mongodb] Connected (db=fly_aerotech, readyState=1)
[mongodb] Connected (db=fly_aerotech, readyState=1)
[mongodb] Connected (db=fly_aerotech, readyState=1)
[mongodb] Connected (db=fly_aerotech, readyState=1)
[mongodb] Connected (db=fly_aerotech, readyState=1)
[mongodb] Connected (db=fly_aerotech, readyState=1)
[mongodb] Connected (db=fly_aerotech, readyState=1)
[mongodb] Connected (db=fly_aerotech, readyState=1)
[mongodb] Connected (db=fly_aerotech, readyState=1)
[mongodb] Connected (db=fly_aerotech, readyState=1)
[mongodb] Connected (db=fly_aerotech, readyState=1)
[mongodb] Connected (db=fly_aerotech, readyState=1)
[mongodb] Connected (db=fly_aerotech, readyState=1)
[mongodb] Connected (db=fly_aerotech, readyState=1)
[mongodb] Connected (db=fly_aerotech, readyState=1)
[mongodb] Connected (db=fly_aerotech, readyState=1)
[mongodb] Connected (db=fly_aerotech, readyState=1)
[mongodb] Connected (db=fly_aerotech, readyState=1)
[mongodb] Connected (db=fly_aerotech, readyState=1)
[mongodb] Connected (db=fly_aerotech, readyState=1)
[mongodb] Connected (db=fly_aerotech, readyState=1)
[mongodb] Connected (db=fly_aerotech, readyState=1)
[mongodb] Connected (db=fly_aerotech, readyState=1)
[mongodb] Connected (db=fly_aerotech, readyState=1)
[mongodb] Connected (db=fly_aerotech, readyState=1)
[mongodb] Connected (db=fly_aerotech, readyState=1)
[mongodb] Connected (db=fly_aerotech, readyState=1)
[mongodb] Connected (db=fly_aerotech, readyState=1)
